/root/hitch_angle/camera_ws2/install/chess_angle/lib/python3.10/site-packages/chess_angle/angle_pub.py
/root/hitch_angle/camera_ws2/install/chess_angle/lib/python3.10/site-packages/chess_angle/angle_sub.py
/root/hitch_angle/camera_ws2/install/chess_angle/lib/python3.10/site-packages/chess_angle/real_pub.py
/root/hitch_angle/camera_ws2/install/chess_angle/lib/python3.10/site-packages/chess_angle/camera_frame_pub.py
/root/hitch_angle/camera_ws2/install/chess_angle/lib/python3.10/site-packages/chess_angle/__init__.py
/root/hitch_angle/camera_ws2/install/chess_angle/lib/python3.10/site-packages/chess_angle/__pycache__/angle_pub.cpython-310.pyc
/root/hitch_angle/camera_ws2/install/chess_angle/lib/python3.10/site-packages/chess_angle/__pycache__/angle_sub.cpython-310.pyc
/root/hitch_angle/camera_ws2/install/chess_angle/lib/python3.10/site-packages/chess_angle/__pycache__/real_pub.cpython-310.pyc
/root/hitch_angle/camera_ws2/install/chess_angle/lib/python3.10/site-packages/chess_angle/__pycache__/camera_frame_pub.cpython-310.pyc
/root/hitch_angle/camera_ws2/install/chess_angle/lib/python3.10/site-packages/chess_angle/__pycache__/__init__.cpython-310.pyc
/root/hitch_angle/camera_ws2/install/chess_angle/share/ament_index/resource_index/packages/chess_angle
/root/hitch_angle/camera_ws2/install/chess_angle/share/chess_angle/package.xml
/root/hitch_angle/camera_ws2/install/chess_angle/share/chess_angle/launch/_launch.xml
/root/hitch_angle/camera_ws2/install/chess_angle/share/chess_angle/launch/launch.py
/root/hitch_angle/camera_ws2/install/chess_angle/share/chess_angle/launch/_launch.yaml
/root/hitch_angle/camera_ws2/install/chess_angle/lib/python3.10/site-packages/chess_angle-0.0.0-py3.10.egg-info/SOURCES.txt
/root/hitch_angle/camera_ws2/install/chess_angle/lib/python3.10/site-packages/chess_angle-0.0.0-py3.10.egg-info/requires.txt
/root/hitch_angle/camera_ws2/install/chess_angle/lib/python3.10/site-packages/chess_angle-0.0.0-py3.10.egg-info/zip-safe
/root/hitch_angle/camera_ws2/install/chess_angle/lib/python3.10/site-packages/chess_angle-0.0.0-py3.10.egg-info/PKG-INFO
/root/hitch_angle/camera_ws2/install/chess_angle/lib/python3.10/site-packages/chess_angle-0.0.0-py3.10.egg-info/dependency_links.txt
/root/hitch_angle/camera_ws2/install/chess_angle/lib/python3.10/site-packages/chess_angle-0.0.0-py3.10.egg-info/entry_points.txt
/root/hitch_angle/camera_ws2/install/chess_angle/lib/python3.10/site-packages/chess_angle-0.0.0-py3.10.egg-info/top_level.txt
/root/hitch_angle/camera_ws2/install/chess_angle/lib/chess_angle/angle_pub
/root/hitch_angle/camera_ws2/install/chess_angle/lib/chess_angle/angle_sub
/root/hitch_angle/camera_ws2/install/chess_angle/lib/chess_angle/camera_frame_pub
/root/hitch_angle/camera_ws2/install/chess_angle/lib/chess_angle/real_pub
